pelt host profile=livery url=/Users/markik/Code/worktrees/mere-tabard-apps/ports/pelt/examples/workspace/p6-appearance/index.html javascript=false webdriver=false devtools=false webgpu=false webxr=false
[pelt] accessibility Installed, 22 retained workspace nodes projected
[pelt] primary initial reveal visible=Some(true) focused=true activation_requested=true
[genet-render-host] surface acquire skipped: Occluded
[genet-render-host] surface acquire skipped: Occluded
[genet-render-host] surface acquire skipped: Occluded
[genet-render-host] surface acquire skipped: Occluded
[cambium-winit] accessibility Installed, 195 nodes projected
[genet-render-host] surface acquire skipped: Occluded
[genet-render-host] surface acquire skipped: Occluded
[genet-render-host] surface acquire skipped: Occluded
pelt-appearance: Pelt shared workshop production authoring
pelt-appearance: captured initial_editor
pelt-appearance: captured editor_light
pelt-appearance: captured editor_dark
pelt-appearance: captured editor_hc_light
pelt-appearance: captured editor_hc_dark
pelt-appearance: captured saved_editor
pelt-appearance: captured narrow_editor
pelt-appearance: captured narrow_specimens
pelt-appearance: RESULT ok (74 frames, 8 captures)
pelt workspace first_url=/Users/markik/Code/worktrees/mere-tabard-apps/ports/pelt/examples/workspace/p6-appearance/index.html window=true redraws=81 size=1180x800 tiles=1 interaction_receipt=false capability_receipt=false tearout_receipt=false tearout_cancellation_receipt=false workspace_receipt=appearance routes=1=genet.livery:document
pelt workspace product receipt=appearance assertion=shared workshop native controls saved a definition; ordinary Pelt appearance controls applied and persisted its exact mode while the held controller, history, focused tile and content aperture remained unchanged artifact=/Users/markik/Code/tabard-app-receipts/2026-10-10/pelt/fresh-10/browser.png digest=a0a0ed8ca7db88ab verified_sizes=1180x800
