[cambium-winit] window-frame backend=macos policy=App decorated=true transparent=false
[genet-render-host] surface acquire skipped: Occluded
[cambium-winit] accessibility Installed, 197 nodes projected
[cambium-host] initial reveal visible=true focused=false minimized=Some(false)
[cambium-host] after initial focus macos app_active=false app_hidden=false policy=NSApplicationActivationPolicy(0) launched=true window_visible=true key=false can_key=true active_space=true occlusion=NSWindowOcclusionState(8192) frame=CGRect { origin: CGPoint { x: 690.0, y: 320.0 }, size: CGSize { width: 1180.0, height: 800.0 } }
[genet-render-host] surface acquire skipped: Occluded
[cambium-host] unpresented redraw macos app_active=false app_hidden=false policy=NSApplicationActivationPolicy(0) launched=true window_visible=true key=false can_key=true active_space=true occlusion=NSWindowOcclusionState(8192) frame=CGRect { origin: CGPoint { x: 690.0, y: 320.0 }, size: CGSize { width: 1180.0, height: 800.0 } }
[cambium-host] unpresented redraw visible=Some(true) focused=false minimized=Some(false)
[genet-render-host] surface acquire skipped: Occluded
[cambium-host] unpresented redraw macos app_active=false app_hidden=false policy=NSApplicationActivationPolicy(0) launched=true window_visible=true key=false can_key=true active_space=true occlusion=NSWindowOcclusionState(8192) frame=CGRect { origin: CGPoint { x: 690.0, y: 320.0 }, size: CGSize { width: 1180.0, height: 800.0 } }
[cambium-host] unpresented redraw visible=Some(true) focused=false minimized=Some(false)
[genet-render-host] surface acquire skipped: Occluded
[cambium-host] unpresented redraw macos app_active=false app_hidden=false policy=NSApplicationActivationPolicy(0) launched=true window_visible=true key=false can_key=true active_space=true occlusion=NSWindowOcclusionState(8192) frame=CGRect { origin: CGPoint { x: 690.0, y: 320.0 }, size: CGSize { width: 1180.0, height: 800.0 } }
[cambium-host] unpresented redraw visible=Some(true) focused=false minimized=Some(false)
[genet-render-host] surface acquire skipped: Occluded
[cambium-host] unpresented redraw macos app_active=false app_hidden=false policy=NSApplicationActivationPolicy(0) launched=true window_visible=true key=false can_key=true active_space=true occlusion=NSWindowOcclusionState(8192) frame=CGRect { origin: CGPoint { x: 690.0, y: 320.0 }, size: CGSize { width: 1180.0, height: 800.0 } }
[cambium-host] unpresented redraw visible=Some(true) focused=false minimized=Some(false)
[genet-render-host] surface acquire skipped: Occluded
[cambium-host] unpresented redraw macos app_active=false app_hidden=false policy=NSApplicationActivationPolicy(0) launched=true window_visible=true key=false can_key=true active_space=true occlusion=NSWindowOcclusionState(8192) frame=CGRect { origin: CGPoint { x: 690.0, y: 320.0 }, size: CGSize { width: 1180.0, height: 800.0 } }
[cambium-host] unpresented redraw visible=Some(true) focused=false minimized=Some(false)
[genet-render-host] surface acquire skipped: Occluded
[cambium-host] unpresented redraw macos app_active=false app_hidden=false policy=NSApplicationActivationPolicy(0) launched=true window_visible=true key=false can_key=true active_space=true occlusion=NSWindowOcclusionState(8192) frame=CGRect { origin: CGPoint { x: 690.0, y: 320.0 }, size: CGSize { width: 1180.0, height: 800.0 } }
[cambium-host] unpresented redraw visible=Some(true) focused=false minimized=Some(false)
[genet-render-host] surface acquire skipped: Occluded
# 347 repeated middle lines elided; full log SHA256 bd193f14e9794b3d20cd109d19323ce3e152936f2ab0cd5d0b69046fc6ca59b3
[genet-render-host] surface acquire skipped: Occluded
[cambium-host] unpresented redraw macos app_active=false app_hidden=false policy=NSApplicationActivationPolicy(0) launched=true window_visible=true key=false can_key=true active_space=true occlusion=NSWindowOcclusionState(8192) frame=CGRect { origin: CGPoint { x: 690.0, y: 320.0 }, size: CGSize { width: 1180.0, height: 800.0 } }
[cambium-host] unpresented redraw visible=Some(true) focused=false minimized=Some(false)
[genet-render-host] surface acquire skipped: Occluded
[cambium-host] unpresented redraw macos app_active=false app_hidden=false policy=NSApplicationActivationPolicy(0) launched=true window_visible=true key=false can_key=true active_space=true occlusion=NSWindowOcclusionState(8192) frame=CGRect { origin: CGPoint { x: 690.0, y: 320.0 }, size: CGSize { width: 1180.0, height: 800.0 } }
[cambium-host] unpresented redraw visible=Some(true) focused=false minimized=Some(false)
[genet-render-host] surface acquire skipped: Occluded
[cambium-host] unpresented redraw macos app_active=false app_hidden=false policy=NSApplicationActivationPolicy(0) launched=true window_visible=true key=false can_key=true active_space=true occlusion=NSWindowOcclusionState(8192) frame=CGRect { origin: CGPoint { x: 690.0, y: 320.0 }, size: CGSize { width: 1180.0, height: 800.0 } }
[cambium-host] unpresented redraw visible=Some(true) focused=false minimized=Some(false)
[genet-render-host] surface acquire skipped: Occluded
[cambium-host] unpresented redraw macos app_active=false app_hidden=false policy=NSApplicationActivationPolicy(0) launched=true window_visible=true key=false can_key=true active_space=true occlusion=NSWindowOcclusionState(8192) frame=CGRect { origin: CGPoint { x: 690.0, y: 320.0 }, size: CGSize { width: 1180.0, height: 800.0 } }
[cambium-host] unpresented redraw visible=Some(true) focused=false minimized=Some(false)
[genet-render-host] surface acquire skipped: Occluded
[cambium-host] unpresented redraw macos app_active=false app_hidden=false policy=NSApplicationActivationPolicy(0) launched=true window_visible=true key=false can_key=true active_space=true occlusion=NSWindowOcclusionState(8192) frame=CGRect { origin: CGPoint { x: 690.0, y: 320.0 }, size: CGSize { width: 1180.0, height: 800.0 } }
[cambium-host] unpresented redraw visible=Some(true) focused=false minimized=Some(false)
[genet-render-host] surface acquire skipped: Occluded
[cambium-host] unpresented redraw macos app_active=false app_hidden=false policy=NSApplicationActivationPolicy(0) launched=true window_visible=true key=false can_key=true active_space=true occlusion=NSWindowOcclusionState(8192) frame=CGRect { origin: CGPoint { x: 690.0, y: 320.0 }, size: CGSize { width: 1180.0, height: 800.0 } }
[cambium-host] unpresented redraw visible=Some(true) focused=false minimized=Some(false)
[genet-render-host] surface acquire skipped: Occluded
[cambium-host] unpresented redraw macos app_active=false app_hidden=false policy=NSApplicationActivationPolicy(0) launched=true window_visible=true key=false can_key=true active_space=true occlusion=NSWindowOcclusionState(8192) frame=CGRect { origin: CGPoint { x: 690.0, y: 320.0 }, size: CGSize { width: 1180.0, height: 800.0 } }
[cambium-host] unpresented redraw visible=Some(true) focused=false minimized=Some(false)
tabard: FAIL: native presentation stalled for 10000 ms (129 redraws, 0 presented frames)
tabard: RESULT fail (0 frames, 0 captures)
tabard: The Tabard acceptance scenario failed or did not complete.
