[cambium-winit] window-frame backend=macos policy=App decorated=true transparent=false
[genet-render-host] surface acquire skipped: Occluded
[cambium-winit] accessibility Installed, 195 nodes projected
[cambium-host] initial reveal macos app_active=true app_hidden=false policy=NSApplicationActivationPolicy(0) launched=true window_visible=true key=true can_key=true active_space=true occlusion=NSWindowOcclusionState(8192) frame=CGRect { origin: CGPoint { x: 690.0, y: 320.0 }, size: CGSize { width: 1180.0, height: 800.0 } }
[genet-render-host] surface acquire skipped: Occluded
[cambium-host] unpresented redraw macos app_active=true app_hidden=false policy=NSApplicationActivationPolicy(0) launched=true window_visible=true key=true can_key=true active_space=true occlusion=NSWindowOcclusionState(8192) frame=CGRect { origin: CGPoint { x: 690.0, y: 320.0 }, size: CGSize { width: 1180.0, height: 800.0 } }
[cambium-host] unpresented redraw visible=Some(true) focused=true minimized=Some(false)
[genet-render-host] surface acquire skipped: Occluded
[cambium-host] unpresented redraw macos app_active=true app_hidden=false policy=NSApplicationActivationPolicy(0) launched=true window_visible=true key=true can_key=true active_space=true occlusion=NSWindowOcclusionState(8192) frame=CGRect { origin: CGPoint { x: 690.0, y: 320.0 }, size: CGSize { width: 1180.0, height: 800.0 } }
[cambium-host] unpresented redraw visible=Some(true) focused=true minimized=Some(false)
tabard: Shared component specimens follow the authored draft and explicit mode
tabard: captured shared_light
tabard: captured shared_dark
tabard: captured shared_hc_light
tabard: captured shared_hc_dark
tabard: captured graph_selected
tabard: captured shared_seed_edited
tabard: captured shared_undone
tabard: captured shared_narrow_reader
tabard: captured shared_narrow_graph
tabard: RESULT ok (79 frames, 9 captures)
