[cambium-winit] window-frame backend=macos policy=App decorated=true transparent=false
[genet-render-host] surface acquire skipped: Occluded
[cambium-winit] accessibility Installed, 197 nodes projected
[cambium-host] initial reveal macos app_active=true app_hidden=false policy=NSApplicationActivationPolicy(0) launched=true window_visible=true key=true can_key=true active_space=true occlusion=NSWindowOcclusionState(8192) frame=CGRect { origin: CGPoint { x: 690.0, y: 320.0 }, size: CGSize { width: 1180.0, height: 800.0 } }
[genet-render-host] surface acquire skipped: Occluded
[cambium-host] unpresented redraw macos app_active=true app_hidden=false policy=NSApplicationActivationPolicy(0) launched=true window_visible=true key=true can_key=true active_space=true occlusion=NSWindowOcclusionState(8192) frame=CGRect { origin: CGPoint { x: 690.0, y: 320.0 }, size: CGSize { width: 1180.0, height: 800.0 } }
[cambium-host] unpresented redraw visible=Some(true) focused=true minimized=Some(false)
[genet-render-host] surface acquire skipped: Occluded
[cambium-host] unpresented redraw macos app_active=true app_hidden=false policy=NSApplicationActivationPolicy(0) launched=true window_visible=true key=true can_key=true active_space=true occlusion=NSWindowOcclusionState(8192) frame=CGRect { origin: CGPoint { x: 690.0, y: 320.0 }, size: CGSize { width: 1180.0, height: 800.0 } }
[cambium-host] unpresented redraw visible=Some(true) focused=true minimized=Some(false)
[genet-render-host] surface acquire skipped: Occluded
[cambium-host] unpresented redraw macos app_active=true app_hidden=false policy=NSApplicationActivationPolicy(0) launched=true window_visible=true key=true can_key=true active_space=true occlusion=NSWindowOcclusionState(8192) frame=CGRect { origin: CGPoint { x: 690.0, y: 320.0 }, size: CGSize { width: 1180.0, height: 800.0 } }
[cambium-host] unpresented redraw visible=Some(true) focused=true minimized=Some(false)
[genet-render-host] surface acquire skipped: Occluded
[cambium-host] unpresented redraw macos app_active=true app_hidden=false policy=NSApplicationActivationPolicy(0) launched=true window_visible=true key=true can_key=true active_space=true occlusion=NSWindowOcclusionState(8192) frame=CGRect { origin: CGPoint { x: 690.0, y: 320.0 }, size: CGSize { width: 1180.0, height: 800.0 } }
[cambium-host] unpresented redraw visible=Some(true) focused=true minimized=Some(false)
[genet-render-host] surface acquire skipped: Occluded
[cambium-host] unpresented redraw macos app_active=true app_hidden=false policy=NSApplicationActivationPolicy(0) launched=true window_visible=true key=true can_key=true active_space=true occlusion=NSWindowOcclusionState(8192) frame=CGRect { origin: CGPoint { x: 690.0, y: 320.0 }, size: CGSize { width: 1180.0, height: 800.0 } }
[cambium-host] unpresented redraw visible=Some(true) focused=true minimized=Some(false)
tabard: Usable authoring survives a fresh process
tabard: captured usable_fresh_process
tabard: RESULT ok (18 frames, 1 captures)
